ws.getNumberHistograms() == 28
ws.blocksize() == 60
