ws.getNumberHistograms() == 1
ws.blocksize() == 6
