ws.getNumberHistograms() == 8
ws.blocksize() == 102
