wksp.getNumberHistograms() == 4
wksp.blocksize() == 39
